Archive member included to satisfy reference by file (symbol)

/opt/homebrew/Cellar/avr-gcc@9/9.5.0/lib/avr-gcc/9/gcc/avr/9.5.0/avr5/libgcc.a(_exit.o)
                              /opt/homebrew/Cellar/avr-gcc@9/9.5.0/lib/avr-gcc/9/gcc/avr/9.5.0/../../../../../../avr/lib/avr5/crtatmega328p.o (exit)
/opt/homebrew/Cellar/avr-gcc@9/9.5.0/lib/avr-gcc/9/gcc/avr/9.5.0/avr5/libgcc.a(_udivmodsi4.o)
                              /var/folders/x1/ncdwt29d1cld1s6x49zrmjpm0000gp/T//fira.elf.hKUlBZ.ltrans0.ltrans.o (__udivmodsi4)
/opt/homebrew/Cellar/avr-gcc@9/9.5.0/lib/avr-gcc/9/gcc/avr/9.5.0/avr5/libgcc.a(_clear_bss.o)
                              /var/folders/x1/ncdwt29d1cld1s6x49zrmjpm0000gp/T//fira.elf.hKUlBZ.ltrans0.ltrans.o (__do_clear_bss)
/opt/homebrew/Cellar/avr-gcc@9/9.5.0/lib/avr-gcc/9/gcc/avr/9.5.0/avr5/libgcc.a(_umulhisi3.o)
                              /var/folders/x1/ncdwt29d1cld1s6x49zrmjpm0000gp/T//fira.elf.hKUlBZ.ltrans0.ltrans.o (__umulhisi3)
/opt/homebrew/Cellar/avr-gcc@9/9.5.0/lib/avr-gcc/9/gcc/avr/9.5.0/avr5/libgcc.a(_muluhisi3.o)
                              /var/folders/x1/ncdwt29d1cld1s6x49zrmjpm0000gp/T//fira.elf.hKUlBZ.ltrans0.ltrans.o (__muluhisi3)

Discarded input sections

 .data          0x00000000        0x0 /opt/homebrew/Cellar/avr-gcc@9/9.5.0/lib/avr-gcc/9/gcc/avr/9.5.0/../../../../../../avr/lib/avr5/crtatmega328p.o
 .bss           0x00000000        0x0 /opt/homebrew/Cellar/avr-gcc@9/9.5.0/lib/avr-gcc/9/gcc/avr/9.5.0/../../../../../../avr/lib/avr5/crtatmega328p.o
 .data          0x00000000        0x0 /var/folders/x1/ncdwt29d1cld1s6x49zrmjpm0000gp/T//fira.elf.hKUlBZ.ltrans0.ltrans.o
 .text          0x00000000        0x0 /opt/homebrew/Cellar/avr-gcc@9/9.5.0/lib/avr-gcc/9/gcc/avr/9.5.0/avr5/libgcc.a(_exit.o)
 .data          0x00000000        0x0 /opt/homebrew/Cellar/avr-gcc@9/9.5.0/lib/avr-gcc/9/gcc/avr/9.5.0/avr5/libgcc.a(_exit.o)
 .bss           0x00000000        0x0 /opt/homebrew/Cellar/avr-gcc@9/9.5.0/lib/avr-gcc/9/gcc/avr/9.5.0/avr5/libgcc.a(_exit.o)
 .text.libgcc.mul
                0x00000000        0x0 /opt/homebrew/Cellar/avr-gcc@9/9.5.0/lib/avr-gcc/9/gcc/avr/9.5.0/avr5/libgcc.a(_exit.o)
 .text.libgcc.div
                0x00000000        0x0 /opt/homebrew/Cellar/avr-gcc@9/9.5.0/lib/avr-gcc/9/gcc/avr/9.5.0/avr5/libgcc.a(_exit.o)
 .text.libgcc   0x00000000        0x0 /opt/homebrew/Cellar/avr-gcc@9/9.5.0/lib/avr-gcc/9/gcc/avr/9.5.0/avr5/libgcc.a(_exit.o)
 .text.libgcc.prologue
                0x00000000        0x0 /opt/homebrew/Cellar/avr-gcc@9/9.5.0/lib/avr-gcc/9/gcc/avr/9.5.0/avr5/libgcc.a(_exit.o)
 .text.libgcc.builtins
                0x00000000        0x0 /opt/homebrew/Cellar/avr-gcc@9/9.5.0/lib/avr-gcc/9/gcc/avr/9.5.0/avr5/libgcc.a(_exit.o)
 .text.libgcc.fmul
                0x00000000        0x0 /opt/homebrew/Cellar/avr-gcc@9/9.5.0/lib/avr-gcc/9/gcc/avr/9.5.0/avr5/libgcc.a(_exit.o)
 .text.libgcc.fixed
                0x00000000        0x0 /opt/homebrew/Cellar/avr-gcc@9/9.5.0/lib/avr-gcc/9/gcc/avr/9.5.0/avr5/libgcc.a(_exit.o)
 .text          0x00000000        0x0 /opt/homebrew/Cellar/avr-gcc@9/9.5.0/lib/avr-gcc/9/gcc/avr/9.5.0/avr5/libgcc.a(_udivmodsi4.o)
 .data          0x00000000        0x0 /opt/homebrew/Cellar/avr-gcc@9/9.5.0/lib/avr-gcc/9/gcc/avr/9.5.0/avr5/libgcc.a(_udivmodsi4.o)
 .bss           0x00000000        0x0 /opt/homebrew/Cellar/avr-gcc@9/9.5.0/lib/avr-gcc/9/gcc/avr/9.5.0/avr5/libgcc.a(_udivmodsi4.o)
 .text.libgcc.mul
                0x00000000        0x0 /opt/homebrew/Cellar/avr-gcc@9/9.5.0/lib/avr-gcc/9/gcc/avr/9.5.0/avr5/libgcc.a(_udivmodsi4.o)
 .text.libgcc   0x00000000        0x0 /opt/homebrew/Cellar/avr-gcc@9/9.5.0/lib/avr-gcc/9/gcc/avr/9.5.0/avr5/libgcc.a(_udivmodsi4.o)
 .text.libgcc.prologue
                0x00000000        0x0 /opt/homebrew/Cellar/avr-gcc@9/9.5.0/lib/avr-gcc/9/gcc/avr/9.5.0/avr5/libgcc.a(_udivmodsi4.o)
 .text.libgcc.builtins
                0x00000000        0x0 /opt/homebrew/Cellar/avr-gcc@9/9.5.0/lib/avr-gcc/9/gcc/avr/9.5.0/avr5/libgcc.a(_udivmodsi4.o)
 .text.libgcc.fmul
                0x00000000        0x0 /opt/homebrew/Cellar/avr-gcc@9/9.5.0/lib/avr-gcc/9/gcc/avr/9.5.0/avr5/libgcc.a(_udivmodsi4.o)
 .text.libgcc.fixed
                0x00000000        0x0 /opt/homebrew/Cellar/avr-gcc@9/9.5.0/lib/avr-gcc/9/gcc/avr/9.5.0/avr5/libgcc.a(_udivmodsi4.o)
 .text          0x00000000        0x0 /opt/homebrew/Cellar/avr-gcc@9/9.5.0/lib/avr-gcc/9/gcc/avr/9.5.0/avr5/libgcc.a(_clear_bss.o)
 .data          0x00000000        0x0 /opt/homebrew/Cellar/avr-gcc@9/9.5.0/lib/avr-gcc/9/gcc/avr/9.5.0/avr5/libgcc.a(_clear_bss.o)
 .bss           0x00000000        0x0 /opt/homebrew/Cellar/avr-gcc@9/9.5.0/lib/avr-gcc/9/gcc/avr/9.5.0/avr5/libgcc.a(_clear_bss.o)
 .text.libgcc.mul
                0x00000000        0x0 /opt/homebrew/Cellar/avr-gcc@9/9.5.0/lib/avr-gcc/9/gcc/avr/9.5.0/avr5/libgcc.a(_clear_bss.o)
 .text.libgcc.div
                0x00000000        0x0 /opt/homebrew/Cellar/avr-gcc@9/9.5.0/lib/avr-gcc/9/gcc/avr/9.5.0/avr5/libgcc.a(_clear_bss.o)
 .text.libgcc   0x00000000        0x0 /opt/homebrew/Cellar/avr-gcc@9/9.5.0/lib/avr-gcc/9/gcc/avr/9.5.0/avr5/libgcc.a(_clear_bss.o)
 .text.libgcc.prologue
                0x00000000        0x0 /opt/homebrew/Cellar/avr-gcc@9/9.5.0/lib/avr-gcc/9/gcc/avr/9.5.0/avr5/libgcc.a(_clear_bss.o)
 .text.libgcc.builtins
                0x00000000        0x0 /opt/homebrew/Cellar/avr-gcc@9/9.5.0/lib/avr-gcc/9/gcc/avr/9.5.0/avr5/libgcc.a(_clear_bss.o)
 .text.libgcc.fmul
                0x00000000        0x0 /opt/homebrew/Cellar/avr-gcc@9/9.5.0/lib/avr-gcc/9/gcc/avr/9.5.0/avr5/libgcc.a(_clear_bss.o)
 .text.libgcc.fixed
                0x00000000        0x0 /opt/homebrew/Cellar/avr-gcc@9/9.5.0/lib/avr-gcc/9/gcc/avr/9.5.0/avr5/libgcc.a(_clear_bss.o)
 .text          0x00000000        0x0 /opt/homebrew/Cellar/avr-gcc@9/9.5.0/lib/avr-gcc/9/gcc/avr/9.5.0/avr5/libgcc.a(_umulhisi3.o)
 .data          0x00000000        0x0 /opt/homebrew/Cellar/avr-gcc@9/9.5.0/lib/avr-gcc/9/gcc/avr/9.5.0/avr5/libgcc.a(_umulhisi3.o)
 .bss           0x00000000        0x0 /opt/homebrew/Cellar/avr-gcc@9/9.5.0/lib/avr-gcc/9/gcc/avr/9.5.0/avr5/libgcc.a(_umulhisi3.o)
 .text.libgcc.div
                0x00000000        0x0 /opt/homebrew/Cellar/avr-gcc@9/9.5.0/lib/avr-gcc/9/gcc/avr/9.5.0/avr5/libgcc.a(_umulhisi3.o)
 .text.libgcc   0x00000000        0x0 /opt/homebrew/Cellar/avr-gcc@9/9.5.0/lib/avr-gcc/9/gcc/avr/9.5.0/avr5/libgcc.a(_umulhisi3.o)
 .text.libgcc.prologue
                0x00000000        0x0 /opt/homebrew/Cellar/avr-gcc@9/9.5.0/lib/avr-gcc/9/gcc/avr/9.5.0/avr5/libgcc.a(_umulhisi3.o)
 .text.libgcc.builtins
                0x00000000        0x0 /opt/homebrew/Cellar/avr-gcc@9/9.5.0/lib/avr-gcc/9/gcc/avr/9.5.0/avr5/libgcc.a(_umulhisi3.o)
 .text.libgcc.fmul
                0x00000000        0x0 /opt/homebrew/Cellar/avr-gcc@9/9.5.0/lib/avr-gcc/9/gcc/avr/9.5.0/avr5/libgcc.a(_umulhisi3.o)
 .text.libgcc.fixed
                0x00000000        0x0 /opt/homebrew/Cellar/avr-gcc@9/9.5.0/lib/avr-gcc/9/gcc/avr/9.5.0/avr5/libgcc.a(_umulhisi3.o)
 .text          0x00000000        0x0 /opt/homebrew/Cellar/avr-gcc@9/9.5.0/lib/avr-gcc/9/gcc/avr/9.5.0/avr5/libgcc.a(_muluhisi3.o)
 .data          0x00000000        0x0 /opt/homebrew/Cellar/avr-gcc@9/9.5.0/lib/avr-gcc/9/gcc/avr/9.5.0/avr5/libgcc.a(_muluhisi3.o)
 .bss           0x00000000        0x0 /opt/homebrew/Cellar/avr-gcc@9/9.5.0/lib/avr-gcc/9/gcc/avr/9.5.0/avr5/libgcc.a(_muluhisi3.o)
 .text.libgcc.div
                0x00000000        0x0 /opt/homebrew/Cellar/avr-gcc@9/9.5.0/lib/avr-gcc/9/gcc/avr/9.5.0/avr5/libgcc.a(_muluhisi3.o)
 .text.libgcc   0x00000000        0x0 /opt/homebrew/Cellar/avr-gcc@9/9.5.0/lib/avr-gcc/9/gcc/avr/9.5.0/avr5/libgcc.a(_muluhisi3.o)
 .text.libgcc.prologue
                0x00000000        0x0 /opt/homebrew/Cellar/avr-gcc@9/9.5.0/lib/avr-gcc/9/gcc/avr/9.5.0/avr5/libgcc.a(_muluhisi3.o)
 .text.libgcc.builtins
                0x00000000        0x0 /opt/homebrew/Cellar/avr-gcc@9/9.5.0/lib/avr-gcc/9/gcc/avr/9.5.0/avr5/libgcc.a(_muluhisi3.o)
 .text.libgcc.fmul
                0x00000000        0x0 /opt/homebrew/Cellar/avr-gcc@9/9.5.0/lib/avr-gcc/9/gcc/avr/9.5.0/avr5/libgcc.a(_muluhisi3.o)
 .text.libgcc.fixed
                0x00000000        0x0 /opt/homebrew/Cellar/avr-gcc@9/9.5.0/lib/avr-gcc/9/gcc/avr/9.5.0/avr5/libgcc.a(_muluhisi3.o)

Memory Configuration

Name             Origin             Length             Attributes
text             0x00000000         0x00020000         xr
data             0x00800060         0x0000ffa0         rw!x
eeprom           0x00810000         0x00010000         rw!x
fuse             0x00820000         0x00000003         rw!x
lock             0x00830000         0x00000400         rw!x
signature        0x00840000         0x00000400         rw!x
user_signatures  0x00850000         0x00000400         rw!x
*default*        0x00000000         0xffffffff

Linker script and memory map

Address of section .data set to 0x800100
LOAD /opt/homebrew/Cellar/avr-gcc@9/9.5.0/lib/avr-gcc/9/gcc/avr/9.5.0/../../../../../../avr/lib/avr5/crtatmega328p.o
LOAD build/eeprom_drv.o
LOAD /var/folders/x1/ncdwt29d1cld1s6x49zrmjpm0000gp/T//fira.elf.hKUlBZ.ltrans0.ltrans.o
LOAD build/fault_inject.o
LOAD build/main.o
LOAD build/stats.o
LOAD build/timer.o
LOAD build/uart.o
LOAD build/wdt.o
START GROUP
LOAD /opt/homebrew/Cellar/avr-gcc@9/9.5.0/lib/avr-gcc/9/gcc/avr/9.5.0/avr5/libgcc.a
LOAD /opt/homebrew/Cellar/avr-gcc@9/9.5.0/lib/avr-gcc/9/gcc/avr/9.5.0/../../../../../../avr/lib/avr5/libm.a
LOAD /opt/homebrew/Cellar/avr-gcc@9/9.5.0/lib/avr-gcc/9/gcc/avr/9.5.0/../../../../../../avr/lib/avr5/libc.a
LOAD /opt/homebrew/Cellar/avr-gcc@9/9.5.0/lib/avr-gcc/9/gcc/avr/9.5.0/../../../../../../avr/lib/avr5/libatmega328p.a
END GROUP
                0x00000000                        __TEXT_REGION_ORIGIN__ = DEFINED (__TEXT_REGION_ORIGIN__)?__TEXT_REGION_ORIGIN__:0x0
                0x00020000                        __TEXT_REGION_LENGTH__ = DEFINED (__TEXT_REGION_LENGTH__)?__TEXT_REGION_LENGTH__:0x20000
                0x00800060                        __DATA_REGION_ORIGIN__ = DEFINED (__DATA_REGION_ORIGIN__)?__DATA_REGION_ORIGIN__:0x800060
                0x0000ffa0                        __DATA_REGION_LENGTH__ = DEFINED (__DATA_REGION_LENGTH__)?__DATA_REGION_LENGTH__:0xffa0
                0x00010000                        __EEPROM_REGION_LENGTH__ = DEFINED (__EEPROM_REGION_LENGTH__)?__EEPROM_REGION_LENGTH__:0x10000
                [0x00000003]                      __FUSE_REGION_LENGTH__ = DEFINED (__FUSE_REGION_LENGTH__)?__FUSE_REGION_LENGTH__:0x400
                0x00000400                        __LOCK_REGION_LENGTH__ = DEFINED (__LOCK_REGION_LENGTH__)?__LOCK_REGION_LENGTH__:0x400
                0x00000400                        __SIGNATURE_REGION_LENGTH__ = DEFINED (__SIGNATURE_REGION_LENGTH__)?__SIGNATURE_REGION_LENGTH__:0x400
                0x00000400                        __USER_SIGNATURE_REGION_LENGTH__ = DEFINED (__USER_SIGNATURE_REGION_LENGTH__)?__USER_SIGNATURE_REGION_LENGTH__:0x400

.hash
 *(.hash)

.dynsym
 *(.dynsym)

.dynstr
 *(.dynstr)

.gnu.version
 *(.gnu.version)

.gnu.version_d
 *(.gnu.version_d)

.gnu.version_r
 *(.gnu.version_r)

.rel.init
 *(.rel.init)

.rela.init
 *(.rela.init)

.rel.text
 *(.rel.text)
 *(.rel.text.*)
 *(.rel.gnu.linkonce.t*)

.rela.text
 *(.rela.text)
 *(.rela.text.*)
 *(.rela.gnu.linkonce.t*)

.rel.fini
 *(.rel.fini)

.rela.fini
 *(.rela.fini)

.rel.rodata
 *(.rel.rodata)
 *(.rel.rodata.*)
 *(.rel.gnu.linkonce.r*)

.rela.rodata
 *(.rela.rodata)
 *(.rela.rodata.*)
 *(.rela.gnu.linkonce.r*)

.rel.data
 *(.rel.data)
 *(.rel.data.*)
 *(.rel.gnu.linkonce.d*)

.rela.data
 *(.rela.data)
 *(.rela.data.*)
 *(.rela.gnu.linkonce.d*)

.rel.ctors
 *(.rel.ctors)

.rela.ctors
 *(.rela.ctors)

.rel.dtors
 *(.rel.dtors)

.rela.dtors
 *(.rela.dtors)

.rel.got
 *(.rel.got)

.rela.got
 *(.rela.got)

.rel.bss
 *(.rel.bss)

.rela.bss
 *(.rela.bss)

.rel.plt
 *(.rel.plt)

.rela.plt
 *(.rela.plt)

.text           0x00000000     0x1038
 *(.vectors)
 .vectors       0x00000000       0x68 /opt/homebrew/Cellar/avr-gcc@9/9.5.0/lib/avr-gcc/9/gcc/avr/9.5.0/../../../../../../avr/lib/avr5/crtatmega328p.o
                0x00000000                __vectors
                0x00000000                __vector_default
 *(.vectors)
                0x00000068                        __progmem_start = .
 *(.progmem)
 *(.progmem.*)
 .progmem.data  0x00000068      0x4db /var/folders/x1/ncdwt29d1cld1s6x49zrmjpm0000gp/T//fira.elf.hKUlBZ.ltrans0.ltrans.o
                0x00000543                        __progmem_end = .
                0x00000001                        ASSERT (((__progmem_start == __progmem_end) || (__progmem_end <= 0x10000)), .progmem section exceeds 0x10000)
                0x00000544                        . = ALIGN (0x2)
 *fill*         0x00000543        0x1 
                0x00000544                        __trampolines_start = .
 *(.trampolines)
 .trampolines   0x00000544        0x0 linker stubs
 *(.trampolines*)
                0x00000544                        __trampolines_end = .
                0x00000544                        . = ALIGN (0x2)
 *(.lowtext)
 *(.lowtext*)
                0x00000544                        __ctors_start = .
 *(.ctors)
                0x00000544                        __ctors_end = .
                0x00000544                        __dtors_start = .
 *(.dtors)
                0x00000544                        __dtors_end = .
 SORT_BY_NAME(*)(.ctors)
 SORT_BY_NAME(*)(.dtors)
 *(.init0)
 .init0         0x00000544        0x0 /opt/homebrew/Cellar/avr-gcc@9/9.5.0/lib/avr-gcc/9/gcc/avr/9.5.0/../../../../../../avr/lib/avr5/crtatmega328p.o
                0x00000544                __init
 *(.init0)
 *(.init1)
 *(.init1)
 *(.init2)
 .init2         0x00000544        0xc /opt/homebrew/Cellar/avr-gcc@9/9.5.0/lib/avr-gcc/9/gcc/avr/9.5.0/../../../../../../avr/lib/avr5/crtatmega328p.o
 *(.init2)
 *(.init3)
 .init3         0x00000550       0x12 /var/folders/x1/ncdwt29d1cld1s6x49zrmjpm0000gp/T//fira.elf.hKUlBZ.ltrans0.ltrans.o
                0x00000550                wdt_early_init
 *(.init3)
 *(.init4)
 .init4         0x00000562       0x10 /opt/homebrew/Cellar/avr-gcc@9/9.5.0/lib/avr-gcc/9/gcc/avr/9.5.0/avr5/libgcc.a(_clear_bss.o)
                0x00000562                __do_clear_bss
 *(.init4)
 *(.init5)
 *(.init5)
 *(.init6)
 *(.init6)
 *(.init7)
 *(.init7)
 *(.init8)
 *(.init8)
 *(.init9)
 .init9         0x00000572        0x8 /opt/homebrew/Cellar/avr-gcc@9/9.5.0/lib/avr-gcc/9/gcc/avr/9.5.0/../../../../../../avr/lib/avr5/crtatmega328p.o
 *(.init9)
 *(.text)
 .text          0x0000057a        0x4 /opt/homebrew/Cellar/avr-gcc@9/9.5.0/lib/avr-gcc/9/gcc/avr/9.5.0/../../../../../../avr/lib/avr5/crtatmega328p.o
                0x0000057a                __vector_20
                0x0000057a                __vector_1
                0x0000057a                __vector_24
                0x0000057a                __vector_12
                0x0000057a                __bad_interrupt
                0x0000057a                __vector_6
                0x0000057a                __vector_3
                0x0000057a                __vector_23
                0x0000057a                __vector_25
                0x0000057a                __vector_13
                0x0000057a                __vector_17
                0x0000057a                __vector_19
                0x0000057a                __vector_7
                0x0000057a                __vector_5
                0x0000057a                __vector_4
                0x0000057a                __vector_9
                0x0000057a                __vector_2
                0x0000057a                __vector_21
                0x0000057a                __vector_15
                0x0000057a                __vector_8
                0x0000057a                __vector_10
                0x0000057a                __vector_16
                0x0000057a                __vector_18
                0x0000057a                __vector_22
 .text          0x0000057e      0x28a /var/folders/x1/ncdwt29d1cld1s6x49zrmjpm0000gp/T//fira.elf.hKUlBZ.ltrans0.ltrans.o
                0x00000734                __vector_11
                0x000007c2                __vector_14
                0x00000808                        . = ALIGN (0x2)
 *(.text.*)
 .text.startup  0x00000808      0x7b4 /var/folders/x1/ncdwt29d1cld1s6x49zrmjpm0000gp/T//fira.elf.hKUlBZ.ltrans0.ltrans.o
                0x00000808                main
 .text.libgcc.div
                0x00000fbc       0x44 /opt/homebrew/Cellar/avr-gcc@9/9.5.0/lib/avr-gcc/9/gcc/avr/9.5.0/avr5/libgcc.a(_udivmodsi4.o)
                0x00000fbc                __udivmodsi4
 .text.libgcc.mul
                0x00001000       0x1e /opt/homebrew/Cellar/avr-gcc@9/9.5.0/lib/avr-gcc/9/gcc/avr/9.5.0/avr5/libgcc.a(_umulhisi3.o)
                0x00001000                __umulhisi3
 .text.libgcc.mul
                0x0000101e       0x16 /opt/homebrew/Cellar/avr-gcc@9/9.5.0/lib/avr-gcc/9/gcc/avr/9.5.0/avr5/libgcc.a(_muluhisi3.o)
                0x0000101e                __muluhisi3
                0x00001034                        . = ALIGN (0x2)
 *(.fini9)
 .fini9         0x00001034        0x0 /opt/homebrew/Cellar/avr-gcc@9/9.5.0/lib/avr-gcc/9/gcc/avr/9.5.0/avr5/libgcc.a(_exit.o)
                0x00001034                exit
                0x00001034                _exit
 *(.fini9)
 *(.fini8)
 *(.fini8)
 *(.fini7)
 *(.fini7)
 *(.fini6)
 *(.fini6)
 *(.fini5)
 *(.fini5)
 *(.fini4)
 *(.fini4)
 *(.fini3)
 *(.fini3)
 *(.fini2)
 *(.fini2)
 *(.fini1)
 *(.fini1)
 *(.fini0)
 .fini0         0x00001034        0x4 /opt/homebrew/Cellar/avr-gcc@9/9.5.0/lib/avr-gcc/9/gcc/avr/9.5.0/avr5/libgcc.a(_exit.o)
 *(.fini0)
 *(.hightext)
 *(.hightext*)
 *(.progmemx)
 *(.progmemx.*)
                0x00001038                        . = ALIGN (0x2)
 *(.jumptables)
 *(.jumptables*)
                0x00001038                        _etext = .

.data           0x00800100        0x0 load address 0x00001038
                [!provide]                        PROVIDE (__data_start = .)
 *(.data)
 *(.data*)
 *(.gnu.linkonce.d*)
 *(.rodata)
 *(.rodata*)
 *(.gnu.linkonce.r*)
                0x00800100                        . = ALIGN (0x2)
                0x00800100                        _edata = .
                [!provide]                        PROVIDE (__data_end = .)

.bss            0x00800100       0x30
                0x00800100                        PROVIDE (__bss_start = .)
 *(.bss)
 .bss           0x00800100       0x30 /var/folders/x1/ncdwt29d1cld1s6x49zrmjpm0000gp/T//fira.elf.hKUlBZ.ltrans0.ltrans.o
 *(.bss*)
 *(COMMON)
                0x00800130                        PROVIDE (__bss_end = .)
                0x00001038                        __data_load_start = LOADADDR (.data)
                0x00001038                        __data_load_end = (__data_load_start + SIZEOF (.data))

.noinit         0x00800130        0x0
                [!provide]                        PROVIDE (__noinit_start = .)
 *(.noinit .noinit.* .gnu.linkonce.n.*)
                [!provide]                        PROVIDE (__noinit_end = .)
                0x00800130                        _end = .
                [!provide]                        PROVIDE (__heap_start = .)
                0x00000000                        __flmap_init_label = DEFINED (__flmap_noinit_start)?__flmap_noinit_start:0x0
                0x00000000                        __flmap = DEFINED (__flmap)?__flmap:0x0

.eeprom         0x00810000        0x0
 *(.eeprom*)
                0x00810000                        __eeprom_end = .

.fuse
 *(.fuse)
 *(.lfuse)
 *(.hfuse)
 *(.efuse)

.lock
 *(.lock*)

.signature
 *(.signature*)

.stab
 *(.stab)

.stabstr
 *(.stabstr)

.stab.excl
 *(.stab.excl)

.stab.exclstr
 *(.stab.exclstr)

.stab.index
 *(.stab.index)

.stab.indexstr
 *(.stab.indexstr)

.comment        0x00000000       0x24
 *(.comment)
 .comment       0x00000000       0x24 /var/folders/x1/ncdwt29d1cld1s6x49zrmjpm0000gp/T//fira.elf.hKUlBZ.ltrans0.ltrans.o
                                 0x25 (size before relaxing)

.note.gnu.avr.deviceinfo
                0x00000000       0x40
 .note.gnu.avr.deviceinfo
                0x00000000       0x40 /opt/homebrew/Cellar/avr-gcc@9/9.5.0/lib/avr-gcc/9/gcc/avr/9.5.0/../../../../../../avr/lib/avr5/crtatmega328p.o

.gnu.build.attributes
 *(.gnu.build.attributes .gnu.build.attributes.*)

.note.gnu.build-id
 *(.note.gnu.build-id)

.debug
 *(.debug)

.line
 *(.line)

.debug_srcinfo
 *(.debug_srcinfo)

.debug_sfnames
 *(.debug_sfnames)

.debug_aranges  0x00000000       0xa0
 *(.debug_aranges)
 .debug_aranges
                0x00000000       0x20 /opt/homebrew/Cellar/avr-gcc@9/9.5.0/lib/avr-gcc/9/gcc/avr/9.5.0/avr5/libgcc.a(_exit.o)
 .debug_aranges
                0x00000020       0x20 /opt/homebrew/Cellar/avr-gcc@9/9.5.0/lib/avr-gcc/9/gcc/avr/9.5.0/avr5/libgcc.a(_udivmodsi4.o)
 .debug_aranges
                0x00000040       0x20 /opt/homebrew/Cellar/avr-gcc@9/9.5.0/lib/avr-gcc/9/gcc/avr/9.5.0/avr5/libgcc.a(_clear_bss.o)
 .debug_aranges
                0x00000060       0x20 /opt/homebrew/Cellar/avr-gcc@9/9.5.0/lib/avr-gcc/9/gcc/avr/9.5.0/avr5/libgcc.a(_umulhisi3.o)
 .debug_aranges
                0x00000080       0x20 /opt/homebrew/Cellar/avr-gcc@9/9.5.0/lib/avr-gcc/9/gcc/avr/9.5.0/avr5/libgcc.a(_muluhisi3.o)

.debug_pubnames
 *(.debug_pubnames)

.debug_info     0x00000000      0x6b2
 *(.debug_info .gnu.linkonce.wi.*)
 .debug_info    0x00000000      0x5f4 /opt/homebrew/Cellar/avr-gcc@9/9.5.0/lib/avr-gcc/9/gcc/avr/9.5.0/../../../../../../avr/lib/avr5/crtatmega328p.o
 .debug_info    0x000005f4       0x26 /opt/homebrew/Cellar/avr-gcc@9/9.5.0/lib/avr-gcc/9/gcc/avr/9.5.0/avr5/libgcc.a(_exit.o)
 .debug_info    0x0000061a       0x26 /opt/homebrew/Cellar/avr-gcc@9/9.5.0/lib/avr-gcc/9/gcc/avr/9.5.0/avr5/libgcc.a(_udivmodsi4.o)
 .debug_info    0x00000640       0x26 /opt/homebrew/Cellar/avr-gcc@9/9.5.0/lib/avr-gcc/9/gcc/avr/9.5.0/avr5/libgcc.a(_clear_bss.o)
 .debug_info    0x00000666       0x26 /opt/homebrew/Cellar/avr-gcc@9/9.5.0/lib/avr-gcc/9/gcc/avr/9.5.0/avr5/libgcc.a(_umulhisi3.o)
 .debug_info    0x0000068c       0x26 /opt/homebrew/Cellar/avr-gcc@9/9.5.0/lib/avr-gcc/9/gcc/avr/9.5.0/avr5/libgcc.a(_muluhisi3.o)

.debug_abbrev   0x00000000      0x606
 *(.debug_abbrev)
 .debug_abbrev  0x00000000      0x5a2 /opt/homebrew/Cellar/avr-gcc@9/9.5.0/lib/avr-gcc/9/gcc/avr/9.5.0/../../../../../../avr/lib/avr5/crtatmega328p.o
 .debug_abbrev  0x000005a2       0x14 /opt/homebrew/Cellar/avr-gcc@9/9.5.0/lib/avr-gcc/9/gcc/avr/9.5.0/avr5/libgcc.a(_exit.o)
 .debug_abbrev  0x000005b6       0x14 /opt/homebrew/Cellar/avr-gcc@9/9.5.0/lib/avr-gcc/9/gcc/avr/9.5.0/avr5/libgcc.a(_udivmodsi4.o)
 .debug_abbrev  0x000005ca       0x14 /opt/homebrew/Cellar/avr-gcc@9/9.5.0/lib/avr-gcc/9/gcc/avr/9.5.0/avr5/libgcc.a(_clear_bss.o)
 .debug_abbrev  0x000005de       0x14 /opt/homebrew/Cellar/avr-gcc@9/9.5.0/lib/avr-gcc/9/gcc/avr/9.5.0/avr5/libgcc.a(_umulhisi3.o)
 .debug_abbrev  0x000005f2       0x14 /opt/homebrew/Cellar/avr-gcc@9/9.5.0/lib/avr-gcc/9/gcc/avr/9.5.0/avr5/libgcc.a(_muluhisi3.o)

.debug_line     0x00000000      0x355
 *(.debug_line .debug_line.* .debug_line_end)
 .debug_line    0x00000000       0x1d /opt/homebrew/Cellar/avr-gcc@9/9.5.0/lib/avr-gcc/9/gcc/avr/9.5.0/../../../../../../avr/lib/avr5/crtatmega328p.o
 .debug_line    0x0000001d       0x5e /opt/homebrew/Cellar/avr-gcc@9/9.5.0/lib/avr-gcc/9/gcc/avr/9.5.0/avr5/libgcc.a(_exit.o)
 .debug_line    0x0000007b      0x11e /opt/homebrew/Cellar/avr-gcc@9/9.5.0/lib/avr-gcc/9/gcc/avr/9.5.0/avr5/libgcc.a(_udivmodsi4.o)
 .debug_line    0x00000199       0x82 /opt/homebrew/Cellar/avr-gcc@9/9.5.0/lib/avr-gcc/9/gcc/avr/9.5.0/avr5/libgcc.a(_clear_bss.o)
 .debug_line    0x0000021b       0xac /opt/homebrew/Cellar/avr-gcc@9/9.5.0/lib/avr-gcc/9/gcc/avr/9.5.0/avr5/libgcc.a(_umulhisi3.o)
 .debug_line    0x000002c7       0x8e /opt/homebrew/Cellar/avr-gcc@9/9.5.0/lib/avr-gcc/9/gcc/avr/9.5.0/avr5/libgcc.a(_muluhisi3.o)

.debug_frame
 *(.debug_frame)

.debug_str      0x00000000      0x28c
 *(.debug_str)
 .debug_str     0x00000000      0x208 /opt/homebrew/Cellar/avr-gcc@9/9.5.0/lib/avr-gcc/9/gcc/avr/9.5.0/../../../../../../avr/lib/avr5/crtatmega328p.o
 .debug_str     0x00000208       0x84 /opt/homebrew/Cellar/avr-gcc@9/9.5.0/lib/avr-gcc/9/gcc/avr/9.5.0/avr5/libgcc.a(_exit.o)
 .debug_str     0x0000028c        0x0 /opt/homebrew/Cellar/avr-gcc@9/9.5.0/lib/avr-gcc/9/gcc/avr/9.5.0/avr5/libgcc.a(_udivmodsi4.o)
                                 0x84 (size before relaxing)
 .debug_str     0x0000028c        0x0 /opt/homebrew/Cellar/avr-gcc@9/9.5.0/lib/avr-gcc/9/gcc/avr/9.5.0/avr5/libgcc.a(_clear_bss.o)
                                 0x84 (size before relaxing)
 .debug_str     0x0000028c        0x0 /opt/homebrew/Cellar/avr-gcc@9/9.5.0/lib/avr-gcc/9/gcc/avr/9.5.0/avr5/libgcc.a(_umulhisi3.o)
                                 0x84 (size before relaxing)
 .debug_str     0x0000028c        0x0 /opt/homebrew/Cellar/avr-gcc@9/9.5.0/lib/avr-gcc/9/gcc/avr/9.5.0/avr5/libgcc.a(_muluhisi3.o)
                                 0x84 (size before relaxing)

.debug_loc
 *(.debug_loc)

.debug_macinfo
 *(.debug_macinfo)

.debug_weaknames
 *(.debug_weaknames)

.debug_funcnames
 *(.debug_funcnames)

.debug_typenames
 *(.debug_typenames)

.debug_varnames
 *(.debug_varnames)

.debug_pubtypes
 *(.debug_pubtypes)

.debug_ranges
 *(.debug_ranges)

.debug_addr
 *(.debug_addr)

.debug_line_str
 *(.debug_line_str)

.debug_loclists
 *(.debug_loclists)

.debug_macro
 *(.debug_macro)

.debug_names
 *(.debug_names)

.debug_rnglists
 *(.debug_rnglists)

.debug_str_offsets
 *(.debug_str_offsets)

.debug_sup
 *(.debug_sup)
OUTPUT(build/fira.elf elf32-avr)
LOAD linker stubs
